Discovering workflow directives 379ms
Created steps bundle 18ms
Created intermediate workflow bundle 2ms
Creating webhook route
Creating manifest...
Created manifest with 3 steps, 0 workflows, and 0 classes 1ms
ΓÜá Warning: Next.js inferred your workspace root, but it may not be correct.
 We detected multiple lockfiles and selected the directory of C:\Users\UseR\package-lock.json as the root directory.
 To silence this warning, set `turbopack.root` in your Next.js config, or consider removing one of the lockfiles if it's not needed.
   See https://nextjs.org/docs/app/api-reference/config/next-config-js/turbopack#root-directory for more information.
 Detected additional lockfiles: 
   * C:\Users\UseR\.gemini\antigravity\scratch\snewroof-portal\package-lock.json

Γû▓ Next.js 16.1.6 (Turbopack)
- Environments: .env.local

  Creating an optimized production build ...

> Build error occurred
Error: Turbopack build failed with 1 errors:
./.gemini/antigravity/scratch/snewroof-portal/src/lib/auth-context.tsx:1:3
Parsing ecmascript source code failed
> 1 | 22'use client';
    |   ^^^^^^^^^^^^
  2 |
  3 | import React, { createContext, useContext, useState, useEffect, useCallback } from 'react';
  4 | import { useSession, signIn, signOut } from 'next-auth/react';

Expected ';', '}' or <eof>

Import traces:
  Server Component:
    ./.gemini/antigravity/scratch/snewroof-portal/src/lib/auth-context.tsx
    ./.gemini/antigravity/scratch/snewroof-portal/src/app/layout.tsx

  Client Component Browser:
    ./.gemini/antigravity/scratch/snewroof-portal/src/lib/auth-context.tsx [Client Component Browser]
    ./.gemini/antigravity/scratch/snewroof-portal/src/app/dashboard/page.tsx [Client Component Browser]
    ./.gemini/antigravity/scratch/snewroof-portal/src/app/dashboard/page.tsx [Server Component]

  Client Component SSR:
    ./.gemini/antigravity/scratch/snewroof-portal/src/lib/auth-context.tsx [Client Component SSR]
    ./.gemini/antigravity/scratch/snewroof-portal/src/app/dashboard/page.tsx [Client Component SSR]
    ./.gemini/antigravity/scratch/snewroof-portal/src/app/dashboard/page.tsx [Server Component]


    at <unknown> (./.gemini/antigravity/scratch/snewroof-portal/src/lib/auth-context.tsx:1:3)
